<?xml version="1.0" encoding="UTF-8"?>
<testsuites name="jest tests" tests="2" failures="1" time="1.495">
  <testsuite name="Post endpoint" errors="0" failures="1" skipped="0" timestamp="2020-03-30T10:28:26" time="1.407" tests="2">
    <testcase classname="Post endpoint should create new task" name="Post endpoint should create new task" time="0.041">
      <failure>MongoNetworkError: connect ECONNREFUSED 127.0.0.1:27017
    at connectionFailureError (/home/sdouser/Desktop/tutorial/node_modules/mongodb/lib/core/connection/connect.js:360:14)
    at Socket.&lt;anonymous&gt; (/home/sdouser/Desktop/tutorial/node_modules/mongodb/lib/core/connection/connect.js:286:16)
    at Object.onceWrapper (events.js:418:26)
    at Socket.emit (events.js:311:20)
    at emitErrorNT (internal/streams/destroy.js:92:8)
    at emitErrorAndCloseNT (internal/streams/destroy.js:60:3)
    at processTicksAndRejections (internal/process/task_queues.js:84:21)</failure>
    </testcase>
    <testcase classname="Post endpoint should return error when invalid name" name="Post endpoint should return error when invalid name" time="0.046">
    </testcase>
  </testsuite>
</testsuites>